00:02:56	Initializing STAAD Engine
00:02:56	Run stream set up is complete.
00:02:56	Initialize license libraries.
00:02:57	License libraries initialized.
00:02:57	Starting license(s) for A & D engine.
00:02:57	License Status: Ok
00:02:57	License information set up is complete.
****************************************************************************
*                            START OF ANALYSIS                             *
****************************************************************************
* Initiating Analysis At Sun Aug 16 00:02:57 2026
                          PROGRAM: STAAD.Pro
                          VERSION: 22.12.00.142
                 0: 2:57:92  ENTERING STAAD
                 0: 2:57:94  USING 64 BIT STAAD ENGINE
                 0: 2:57:94  ENTERING MAINN
                 0: 2:57:94  START JOB INFORMATION
                 0: 2:57:95  INPUT WIDTH 79
                 0: 2:57:96  SET NL 500
                 0: 2:57:96  UNIT METER KN
                 0: 2:57:97  JOINT COORDINATES
                 0: 2:57:97  ENTERING JOINTC
                 0: 2:57:98  JOINTC NEWJ                                 400000
                 0: 2:58: 0  MAX NODE NO.                                  3071
                 0: 2:58: 0  MEMBER INCIDENCES
                 0: 2:58: 1  START GROUP DEFINITIO
                 0: 2:58: 1  DEFINE MATERIAL START
                 0: 2:58: 2  MEMBER PROPERTY
                 0: 2:58:10    ++ Finished Reading Member Properties ...
                 0: 2:58:10  CONSTANTS
                 0: 2:58:11  MEMBER CRACKED
                 0: 2:58:12  SUPPORTS
                 0: 2:58:12  ENTERING SUPPORT
                 0: 2:58:13  MEMBER RELEASE
                 0: 2:58:14  DEFINE REFERENCE LOAD
                 0: 2:58:14  BEFORE REFLOADPR
                 0: 2:58:15  REOPEN AS DIR                                    0
                 0: 2:58:16  DUPLICATE ELEMENT CHECK
                 0: 2:58:16  CHECKING STRUCTURAL INTEGRITY
                 0: 2:58:17  CHECK UNCONNECTED JOINTS AND
                 0: 2:58:18  CALCULATE MAX JOINT CONNECTIVITY
                 0: 2:58:18  CHECK MULTIPLE STRUCTURES
                 0: 2:58:19  ENTERING SUPPORT
                 0: 2:58:20  NRJOLD                                           0
                 0: 2:58:20  SUPPORT NOLD                                     0
                 0: 2:58:21  SUPPORT N                                      732
                 0: 2:58:21  MAXIMUM E =                           3.123823E+03
                 0: 2:58:22  MINIMUM E =                           3.123823E+03
                 0: 2:58:23  ENTER REFLOADPR
                 0: 2:58:29  ref case no=    1 seq. no=   1 idynl= 0
                 0: 2:58:29  MASSSET                                          0
                 0: 2:58:29  LOADENDREF ISLAVE                                0
                 0: 2:58:30  FLOOR DIAPHRAGM
                 0: 2:58:30  FLO
                 0: 2:58:32  ICT                                            384
                 0: 2:58:32  DEFINE UBC LOAD
                 0: 2:58:33  LOAD 1 LOADTYPE SEISM
                 0: 2:58:33  BEFORE LOADPR
                 0: 2:58:34  REOPEN AS DIR                                    0
                 0: 2:58:35  ENTER LOADPR
                 0: 2:58:35  PERFORM ANALYSIS
                 0: 2:58:36  pdel iter                                        0
                 0: 2:58:37  MBW DOF BAND=                                    3
                 0: 2:58:37  NUMBER OF PRIMARY CASES                          1
                 0: 2:58:38  NUMBER OF CASES                                559
                 0: 2:58:38  #OF CASES W/ELEM INMEMORY                      559
                 0: 2:58:39  MEMORY FOR MEMBER LOADS                    1797744
                 0: 2:58:40  MEMORY FOR DISPLACEMENTS                    506454
                 0: 2:58:40  MEMORY FOR REACTIONS                         87204
                 0: 2:58:41  MEMORY FOR MEMBER FORCES                   1797744
                 0: 2:58:42  Using 64-bit analysis engine
                 0: 2:58:42  BEFORE SOLVER 1
                 0: 2:58:43  Start Input for Next Load Case
                 0: 2:58:44  case no=    1 seq. no=   1 idynl= 0
                 0: 2:58:45  MASSSET                                          0
                 0: 2:58:45  LOADEND ISLAVE                                   0
                 0: 2:58:49  NVPREV                                           0
                 0: 2:58:49  AMAXNON                               1.074478E+01
                 0: 2:58:50  IRECSIZL=                                     4000
                 0: 2:58:51  MTX BLOCKSIZE=                                1152
                 0: 2:58:51  MI=                                            384
                 0: 2:58:52  NORECL=                                          1
                 0: 2:58:53  NORECL1=                                         1
                 0: 2:58:53  IWORD=                                       32000
                 0: 2:58:54  JRECSIZE=                                     4000
                 0: 2:58:55  IWORDJ=                                      32000
                 0: 2:58:55  IBYTE=                                           4
                 0: 2:58:56  JOINTS=                                        151
                 0: 2:58:57  MEMBERS=                                       268
                 0: 2:58:58  PLATES =                                         0
                 0: 2:58:58  SOLIDS =                                         0
                 0: 2:58:59  NO. OF EQUATIONS=                              384
                 0: 2:58:60  idyn=                                            0
                 0: 2:58:60  ipd=                                             0
                 0: 2:58:61  icablanl=                                        0
                 0: 2:58:61  ++ Processing Element Stiffness Matrix.
                 0: 2:58:62  NV1                                              1
                 0: 2:58:63  DIAPHRAGM CR CALC.
                 0: 2:58:76  ULODUNIT                                        62
                 0: 2:58:76  Rayleigh freq =                       2.467539E-08
                 0: 2:58:77  ++ Calculating Element Forces & Reactions.
                 0: 2:58:78  COMBINATION CASES=                               0
                 0: 2:58:78  MAX CM MEMORY (KILOWORDS)                       71
                 0: 2:58:79  AFTER SOLVER 1
                 0: 2:58:81  REOPEN AS SEQ                                    0
                 0: 2:58:81  CHANGE
                 0: 2:58:81    CHANGE COMMAND PROCESSED
                 0: 2:58:82  LOAD 2 LOADTYPE SEISM
                 0: 2:58:83  BEFORE LOADPR
                 0: 2:58:83  REOPEN AS DIR                                    0
                 0: 2:58:84  ENTER LOADPR
                 0: 2:58:85  PERFORM ANALYSIS
                 0: 2:58:85  pdel iter                                        0
                 0: 2:58:86  BEFORE SOLVER 1
                 0: 2:58:87  Start Input for Next Load Case
                 0: 2:58:87  IJL CASE                                         2
                 0: 2:58:88  LINE NO                                        623
                 0: 2:58:89  case no=    2 seq. no=   2 idynl= 0
                 0: 2:58:89  LOADEND ISLAVE                                   0
                 0: 2:58:90  NVPREV                                           1
                 0: 2:58:91  AMAXNON                               1.074478E+01
                 0: 2:58:91  IRECSIZL=                                     4000
                 0: 2:58:92  MTX BLOCKSIZE=                                1152
                 0: 2:58:93  MI=                                            384
                 0: 2:58:93  NORECL=                                          1
                 0: 2:58:94  NORECL1=                                         1
                 0: 2:58:95  IWORD=                                       32000
                 0: 2:58:95  JRECSIZE=                                     4000
                 0: 2:58:96  IWORDJ=                                      32000
                 0: 2:58:97  IBYTE=                                           4
                 0: 2:58:97  JOINTS=                                        151
                 0: 2:58:98  MEMBERS=                                       268
                 0: 2:58:99  PLATES =                                         0
                 0: 2:58:99  SOLIDS =                                         0
                 0: 2:59: 0  NO. OF EQUATIONS=                              384
                 0: 2:59: 1  idyn=                                            0
                 0: 2:59: 1  ipd=                                             0
                 0: 2:59: 2  icablanl=                                        0
                 0: 2:59: 3  ++ Processing Element Stiffness Matrix.
                 0: 2:59: 3  NV1                                              2
                 0: 2:59: 5  DIAPHRAGM CR CALC.
                 0: 2:59: 5  Rayleigh freq =                       1.306798E+36
                 0: 2:59: 6  ++ Calculating Element Forces & Reactions.
                 0: 2:59: 7  COMBINATION CASES=                               0
                 0: 2:59: 7  MAX CM MEMORY (KILOWORDS)                       71
                 0: 2:59: 8  AFTER SOLVER 1
                 0: 2:59:10  REOPEN AS SEQ                                    0
                 0: 2:59:10  CHANGE
                 0: 2:59:11    CHANGE COMMAND PROCESSED
                 0: 2:59:11  LOAD 3 LOADTYPE DEAD
                 0: 2:59:12  BEFORE LOADPR
                 0: 2:59:13  REOPEN AS DIR                                    0
                 0: 2:59:14  ENTER LOADPR
                 0: 2:59:24  FLODUNIT                                        61
                 0: 2:59:30  PERFORM ANALYSIS
                 0: 2:59:30  pdel iter                                        0
                 0: 2:59:31  BEFORE SOLVER 1
                 0: 2:59:32  Start Input for Next Load Case
                 0: 2:59:33  IJL CASE                                         3
                 0: 2:59:33  LINE NO                                       1242
                 0: 2:59:36  case no=    3 seq. no=   3 idynl= 0
                 0: 2:59:36  LOADEND ISLAVE                                   0
                 0: 2:59:37  Start Input for Next Load Case
                 0: 2:59:39  case no=    4 seq. no=   4 idynl= 0
                 0: 2:59:39  LOADEND ISLAVE                                   0
                 0: 2:59:40  Start Input for Next Load Case
                 0: 2:59:42  case no=    5 seq. no=   5 idynl= 0
                 0: 2:59:42  LOADEND ISLAVE                                   0
                 0: 2:59:43  NVPREV                                           2
                 0: 2:59:44  AMAXNON                               1.074478E+01
                 0: 2:59:44  IRECSIZL=                                     4000
                 0: 2:59:45  MTX BLOCKSIZE=                                1152
                 0: 2:59:46  MI=                                            384
                 0: 2:59:47  NORECL=                                          1
                 0: 2:59:47  NORECL1=                                         1
                 0: 2:59:48  IWORD=                                       32000
                 0: 2:59:49  JRECSIZE=                                     4000
                 0: 2:59:49  IWORDJ=                                      32000
                 0: 2:59:50  IBYTE=                                           4
                 0: 2:59:51  JOINTS=                                        151
                 0: 2:59:51  MEMBERS=                                       268
                 0: 2:59:52  PLATES =                                         0
                 0: 2:59:53  SOLIDS =                                         0
                 0: 2:59:53  NO. OF EQUATIONS=                              384
                 0: 2:59:54  idyn=                                            0
                 0: 2:59:55  ipd=                                             0
                 0: 2:59:55  icablanl=                                        0
                 0: 2:59:56  ++ Processing Element Stiffness Matrix.
                 0: 2:59:57  NV1                                              5
                 0: 2:59:58  DIAPHRAGM CR CALC.
                 0: 2:59:59  ++ Calculating Element Forces & Reactions.
                 0: 2:59:61  COMBINATION CASES=                              16
                 0: 2:59:61  MAX CM MEMORY (KILOWORDS)                      611
                 0: 2:59:62  AFTER SOLVER 1
                 0: 2:59:63  REOPEN AS SEQ                                    0
                 0: 2:59:63  LOAD LIST 19 20
                 0: 2:59:64  PRINT STORY DRIFT 0.0
                 0: 2:59:65  FINISH
                 0: 2:59:65  All Commands FINISHed
                 0: 2:59:66  DATASAVE for SPRO GUI
                 0: 2:59:67  ++ Creating Displacement File (DSP)...
                 0: 2:59:69  ++ Creating Reaction File (REA)...
                 0: 2:59:69  ++ Creating Section Force File (BEN)...
                 0: 2:59:69  ENTERING SECTNM110 IQ=                         268
                 0: 2:59:70               NSEC=                              11
                 0: 2:59:71             ISECTN=                               0
                 0: 2:59:75  SECTNM110 DO 925
                 0: 2:59:77  SECTNM110 DO 932
                 0: 2:59:84  ++ Creating Section Force File (BMD)...
                 0: 2:59:94  ++ Creating Section Displace File (SEC)...
                 0: 2:59:94  ENTERING ENVLP1 ITYP1=                          -5
                 0: 2:59:95  SECT DISPLACE
                 0: 3: 0: 6  ++ Creating Section Displace File (SCN)...
                 0: 3: 0:14  ALLOCATED CM MEMORY (KILOWORDS)             300000
                 0: 3: 0:14  MAX CM MEMORY (KILOWORDS)                      611
                 0: 3: 0:14  DBS LONG SEC NAME
* End Of Analysis At Sun Aug 16 00:03:00 2026
* CPU usage = 2.302000
* STAAD Exit Code: 100, Warning Count: 0, Error Count: 0, Duration: 2.302
1 0 0 2.302
****************************************************************************
*                            END OF ANALYSIS                               *
****************************************************************************
