08/15/2026 23:58:57	Reading UID database.
08/15/2026 23:58:57	Start loading STAAD model.
08/15/2026 23:58:57	Reading model file.
08/15/2026 23:58:58	Reading model file is complete.
08/15/2026 23:58:58	Processing support.
08/15/2026 23:58:58	Processing springs.
08/15/2026 23:58:58	Processing properties.
08/15/2026 23:58:58	Processing physical properties.
08/15/2026 23:58:58	Processing constants.
08/15/2026 23:58:58	Processing BETA constants.
08/15/2026 23:58:58	Processing hidden analytical member loads.
08/15/2026 23:58:58	Processing command list for member release.
08/15/2026 23:58:58	Processing command list for member offset.
08/15/2026 23:58:58	Processing command list for member specs (cracked).
08/15/2026 23:58:58	Processing command list for member specs (axial).
08/15/2026 23:58:58	Processing command list for element release.
08/15/2026 23:58:58	Processing command list for element offset.
08/15/2026 23:58:58	Processing command list for element plate stress directive.
08/15/2026 23:58:58	Processing parameter for Chinese wind load case.
08/15/2026 23:58:58	End Processing command list.
08/15/2026 23:58:58	End loading STAAD model.
08/15/2026 23:58:58	Start Post Analysis method
08/15/2026 23:58:58	Removed all hidden plates from surfaces
08/15/2026 23:58:58	Removed all hidden plates
08/15/2026 23:58:58	Removed all hidden nodes
08/15/2026 23:58:58	Loading results from MSH file...
08/15/2026 23:58:58	Building result indices...
08/15/2026 23:58:58	Loading plate stress results...
08/15/2026 23:58:58	Set analysis report setup data
08/15/2026 23:58:58	Starting page setup...
08/15/2026 23:58:58	Page setup completed
08/15/2026 23:58:58	Setting available workflows...
08/15/2026 23:58:58	Post analysis method ends
08/16/2026 00:03:00	Start Post Analysis method
08/16/2026 00:03:00	Removed all hidden plates from surfaces
08/16/2026 00:03:00	Removed all hidden plates
08/16/2026 00:03:00	Removed all hidden nodes
08/16/2026 00:03:00	Loading results from MSH file...
08/16/2026 00:03:00	Building result indices...
08/16/2026 00:03:00	Loading results from ULD file...
08/16/2026 00:03:00	Loading plate stress results...
08/16/2026 00:03:00	Set analysis report setup data
08/16/2026 00:03:00	Starting page setup...
08/16/2026 00:03:00	Page setup completed
08/16/2026 00:03:00	Setting available workflows...
08/16/2026 00:03:00	Post analysis method ends
